<html>
<body>
<pre>
<h1>µVision Build Log</h1>
<h2>Tool Versions:</h2>
IDE-Version: µVision V5.15
Copyright (C) 2015 ARM Ltd and ARM Germany GmbH. All rights reserved.
License Information: amrita Amma, amrita school of engineering, LIC=----
 
Tool Versions:
Toolchain:       MDK-Lite  Version: 5.15.0
Toolchain Path:  C:\Keil_v5\ARM\ARMCC\Bin
C Compiler:      Armcc.exe V5.05 update 2 (build 169)
Assembler:       Armasm.exe V5.05 update 2 (build 169)
Linker/Locator:  ArmLink.exe V5.05 update 2 (build 169)
Library Manager: ArmAr.exe V5.05 update 2 (build 169)
Hex Converter:   FromElf.exe V5.05 update 2 (build 169)
CPU DLL:         SARM.DLL V5.15.0
Dialog DLL:      DARMP.DLL V1.51
Target DLL:      UL2ARM.DLL V1.74.6.0
Dialog DLL:      TARMP.DLL V1.51
 
<h2>Project:</h2>
C:\Projects\ARM7-LPC2148-Assembly-Programs\Activity Sheet - 3\Code\Third.uvproj
Project File Date:  08/18/2026

<h2>Output:</h2>
*** Using Compiler 'V5.05 update 2 (build 169)', folder: 'C:\Keil_v5\ARM\ARMCC\Bin'
Build target 'Target_1'
assembling Startup.s...
compiling Third.c...
Third.c(37): warning:  #1-D: last line of file ends without a newline
  }
Third.c(24): warning:  #177-D: variable "i" was declared but never referenced
        int i;
Third.c: 2 warnings, 0 errors
linking...
Program Size: Code=600 RO-data=32 RW-data=12 ZI-data=1260  
FromELF: creating hex file...
".\Objects\Third.axf" - 0 Error(s), 2 Warning(s).
</pre>
</body>
</html>
